[2026-07-29T09:47:36Z INFO  offload_daemon] Offload daemon connected to "/home/simonlucido/cloud-hypervisor/build/uffd-integrity/20260729-114732/paused-prefault-restore.sock" (ondemand=true)
[2026-07-29T09:47:36Z INFO  offload_daemon] offload daemon: connected dedicated fault connection, serving 1 slot(s)
[2026-07-29T09:47:36Z INFO  offload_daemon] PageFault #1: gpa=0x0 len=4096
[2026-07-29T09:47:36Z INFO  offload_daemon] PageFault #2: gpa=0x1000 len=4096
[2026-07-29T09:47:36Z INFO  offload_daemon] PageFault #3: gpa=0x2000 len=4096
[2026-07-29T09:47:36Z INFO  offload_daemon] PageFault #4: gpa=0x3000 len=4096
[2026-07-29T09:47:36Z INFO  offload_daemon] PageFault #5: gpa=0x4000 len=4096
[2026-07-29T09:47:36Z INFO  offload_daemon] PageFault #8: gpa=0x7000 len=4096
[2026-07-29T09:47:36Z INFO  offload_daemon] PageFault #16: gpa=0xf000 len=4096
[2026-07-29T09:47:36Z INFO  offload_daemon] PageFault #32: gpa=0x1f000 len=4096
[2026-07-29T09:47:36Z INFO  offload_daemon] PageFault #64: gpa=0x3f000 len=4096
[2026-07-29T09:47:36Z INFO  offload_daemon] PageFault #128: gpa=0x7d000 len=4096
[2026-07-29T09:47:36Z INFO  offload_daemon] Offload daemon: waiting for fault serving to finish
[2026-07-29T09:47:36Z INFO  offload_daemon] PageFault #256: gpa=0xfd000 len=4096
[2026-07-29T09:47:36Z INFO  offload_daemon] PageFault #512: gpa=0x1fd000 len=4096
[2026-07-29T09:47:36Z INFO  offload_daemon] PageFault #1024: gpa=0x3fd000 len=4096
[2026-07-29T09:47:36Z INFO  offload_daemon] PageFault #2048: gpa=0x7fd000 len=4096
[2026-07-29T09:47:36Z INFO  offload_daemon] PageFault #4096: gpa=0xffd000 len=4096
[2026-07-29T09:47:36Z INFO  offload_daemon] PageFault #8192: gpa=0x1ffd000 len=4096
[2026-07-29T09:47:36Z INFO  offload_daemon] PageFault #16384: gpa=0x3fff000 len=4096
[2026-07-29T09:47:36Z INFO  offload_daemon] PageFault #32768: gpa=0x7fff000 len=4096
[2026-07-29T09:47:36Z INFO  offload_daemon] PageFault #65536: gpa=0xffff000 len=4096
[2026-07-29T09:47:36Z INFO  offload_daemon] Serve loop: socket closed after 65536 PageFault(s) (MigrateSocket(Error { kind: UnexpectedEof, message: "failed to fill whole buffer" }))
[2026-07-29T09:47:36Z INFO  offload_daemon] Restore replay finished
